
# se importa archivo de excell isbsg400num el cual contiene todos
# los valores completos de la muestra de 400 proyectos. 
# Son valores numéricos.

> library(readxl)
Warning message:
In fun(libname, pkgname) :
  Java home setting is INVALID, it will be ignored.
Please do NOT set it unless you want to override system settings.
> isbsg400num <- read_excel("C:/Users/Marco/OneDrive/Smstr15/S15ArtUno/S15A1IeeeLatin/Envio250510/LenguajeR/isbsg400num.xlsx")
# vista del archivo importado isbsg400num
> View(isbsg400num)


# mostrar la estructura de isbsg400num
> str(isbsg400num)
tibble [400 × 15] (S3: tbl_df/tbl/data.frame)
 $ pryid    : num [1:400] 10003 10019 10104 10267 10388 ...
 $ indsct   : num [1:400] 189 189 189 189 9 57 9 19 189 189 ...
 $ orgtyp   : num [1:400] 150 150 150 150 1 57 1 19 150 150 ...
 $ apptyp   : num [1:400] 12 10 187 33 8 187 187 187 33 187 ...
 $ dvltyp   : num [1:400] 323 323 323 323 323 323 74 323 323 323 ...
 $ dvlplt   : num [1:400] 281 281 281 281 281 281 18 78 281 281 ...
 $ lngtyp   : num [1:400] 330 330 61 61 61 330 61 330 330 61 ...
 $ prglng1  : num [1:400] 177 5 12 8 3 177 7 1 177 12 ...
 $ fncsze   : num [1:400] 67 98 7 107 139 47 359 255 185 113 ...
 $ nwell1   : num [1:400] 741 324 396 1380 5062 ...
 $ smmwrkeff: num [1:400] 608 266 396 1137 5062 ...

 $ maxteasze: num [1:400] 9 9 9 9 10 36 9 9 9 9 ...
 $ dbms1    : num [1:400] 287 287 287 287 287 287 21 1 287 287 ...
 $ dvlmtd   : num [1:400] 380 380 380 380 380 380 380 380 380 380 ...
 $ loc      : num [1:400] 3551 9506 259 2247 6533 ...



# mostrar nombres de columnas
> colnames(isbsg400num)

 [1] "pryid"     "indsct"    "orgtyp"    "apptyp"    "dvltyp"   
 [6] "dvlplt"    "lngtyp"    "prglng1"   "fncsze"    "nwell1"   
[11] "smmwrkeff" "maxteasze" "dbms1"     "dvlmtd"    "loc"  


## normalizar isbsg400num con function minmax
> norm_minmax <- function (x) {(x - min(x))/(max(x) - min(x))}
> norm_isbsg400num <- as.data.frame (lapply(isbsg400num,norm_minmax))
> View(norm_isbsg400num) 
#
## Exportar norm_isbsg400num
#
write.csv(norm_isbsg400num, file = "C:/Users/Marco/OneDrive/Smstr15/S15ArtUno/S15A1IeeeLatin/Envio250510/LenguajeR/norm_isbsg400num")
#
> head(norm_isbsg400num) 
          pryid     indsct    orgtyp     apptyp dvltyp dvlplt
1 0.0000000000 1.00000000 1.0000000 0.05913978      1      1
2 0.0008961075 1.00000000 1.0000000 0.04838710      1      1
3 0.0056566788 1.00000000 1.0000000 1.00000000      1      1
4 0.0147857743 1.00000000 1.0000000 0.17204301      1      1
5 0.0215625875 0.04255319 0.0000000 0.03763441      1      1
6 0.0276113134 0.29787234 0.3758389 1.00000000      1      1
     lngtyp    prglng1       fncsze      nwell1   smmwrkeff
1 1.0000000 1.00000000 0.0085181179 0.010952085 0.009390366
2 1.0000000 0.02272727 0.0127095727 0.004464841 0.003766014
3 0.1619938 0.06250000 0.0004056247 0.005584941 0.005903926
4 0.1619938 0.03977273 0.0139264467 0.020892968 0.018090023
5 0.1619938 0.01136364 0.0182531098 0.078173615 0.082638512
6 1.0000000 1.00000000 0.0058139535 0.037538892 0.039682931
   maxteasze dbms1 dvlmtd          loc
1 0.05839416     1      1 0.0081004956
2 0.05839416     1      1 0.0225474712
3 0.05839416     1      1 0.0001140231
4 0.05839416     1      1 0.0049369598
5 0.06569343     1      1 0.0153349005
6 0.25547445     1      1 0.0055289097

> install.packages("rio")
WARNING: Rtools is required to build R packages but is not currently installed. Please download and install the appropriate version of Rtools before proceeding:

https://cran.rstudio.com/bin/windows/Rtools/
Installing package into ‘C:/Users/Marco/AppData/Local/R/win-library/4.2’
(as ‘lib’ is unspecified)

  There is a binary version available but the source version is later:
    binary source needs_compilation
rio  1.0.1  1.2.3             FALSE

installing the source package ‘rio’

probando la URL 'https://cran.rstudio.com/src/contrib/rio_1.2.3.tar.gz'
Content type 'application/x-gzip' length 531681 bytes (519 KB)
downloaded 519 KB

* installing *source* package 'rio' ...
** package 'rio' successfully unpacked and MD5 sums checked
** using staged installation
** R
** inst
** byte-compile and prepare package for lazy loading
** help
*** installing help indices
*** copying figures
** building package indices
** installing vignettes
** testing if installed package can be loaded from temporary location
** testing if installed package can be loaded from final location
** testing if installed package keeps a record of temporary installation path
* DONE (rio)

The downloaded source packages are in
	‘C:\Users\Marco\AppData\Local\Temp\RtmpgFZnX7\downloaded_packages’
> 






> library(rio)
The following rio suggested packages are not installed: ‘arrow’, ‘hexView’, ‘fst’, ‘pzfx’, ‘rmatio’, ‘readODS’, ‘qs’
Use 'install_formats()' to install them
> library(clipr)
Welcome to clipr. See ?write_clip for advisories on writing to the clipboard in R.
> write_clip(norm_isbsg400num)
> isbsg400numno <- norm_isbsg400num
> summary(isbsg400numno)
  
pryid            indsct           orgtyp      
 Min.   :0.0000   Min.   :0.0000   Min.   :0.0000  
 1st Qu.:0.2798   1st Qu.:0.1383   1st Qu.:0.1208  
 Median :0.4985   Median :0.2979   Median :0.3758  
 Mean   :0.5049   Mean   :0.5728   Mean   :0.5111  
 3rd Qu.:0.7583   3rd Qu.:1.0000   3rd Qu.:1.0000  
 Max.   :1.0000   Max.   :1.0000   Max.   :1.0000  
     apptyp            dvltyp           dvlplt      
 Min.   :0.00000   Min.   :0.0000   Min.   :0.0000  
 1st Qu.:0.04167   1st Qu.:1.0000   1st Qu.:0.2281  
 Median :0.17204   Median :1.0000   Median :1.0000  
 Mean   :0.49970   Mean   :0.8485   Mean   :0.7481  
 3rd Qu.:1.00000   3rd Qu.:1.0000   3rd Qu.:1.0000  
 Max.   :1.00000   Max.   :1.0000   Max.   :1.0000  
     lngtyp          prglng1            fncsze        
 Min.   :0.0000   Min.   :0.00000   Min.   :0.000000  
 1st Qu.:1.0000   1st Qu.:0.05682   1st Qu.:0.007166  
 Median :1.0000   Median :0.18750   Median :0.013791  
 Mean   :0.8497   Mean   :0.48233   Mean   :0.031788  
 3rd Qu.:1.0000   3rd Qu.:1.00000   3rd Qu.:0.030287  
 Max.   :1.0000   Max.   :1.00000   Max.   :1.000000  
     nwell1          smmwrkeff          maxteasze      
 Min.   :0.00000   Min.   :0.000000   Min.   :0.00000  
 1st Qu.:0.01072   1st Qu.:0.009797   1st Qu.:0.05839  
 Median :0.02132   Median :0.020573   Median :0.05839  
 Mean   :0.05397   Mean   :0.052078   Mean   :0.09128  
 3rd Qu.:0.05584   3rd Qu.:0.054767   3rd Qu.:0.05839  
 Max.   :1.00000   Max.   :1.000000   Max.   :1.00000  
     dbms1            dvlmtd            loc          
 Min.   :0.0000   Min.   :0.0000   Min.   :0.000000  
 1st Qu.:0.1014   1st Qu.:1.0000   1st Qu.:0.006171  
 Median :1.0000   Median :1.0000   Median :0.013372  
 Mean   :0.7309   Mean   :0.9503   Mean   :0.032836  
 3rd Qu.:1.0000   3rd Qu.:1.0000   3rd Qu.:0.026754  
 Max.   :1.0000   Max.   :1.0000   Max.   :1.000000  







